============================= test session starts ==============================
platform linux -- Python 3.14.5, pytest-9.1.1, pluggy-1.6.0 -- /home/xil/dev/necromancer/projects/doppelganger/.venv/bin/python
cachedir: .pytest_cache
rootdir: /home/xil/dev/necromancer/worktrees/doppelganger-lap-20260714T140000Z
configfile: pyproject.toml
plugins: anyio-4.14.1, socket-0.8.0
collecting ... collected 87 items

tests/test_cli.py::test_scope_file_is_required PASSED                    [  1%]
tests/test_cli.py::test_cli_produces_confirmed_finding_json PASSED       [  2%]
tests/test_cli.py::test_cli_pipelining_target_reports_nothing PASSED     [  3%]
tests/test_cli.py::test_cli_sarif_output PASSED                          [  4%]
tests/test_cli.py::test_cli_h1md_output PASSED                           [  5%]
tests/test_cli.py::test_cli_out_of_scope_target_exits_3 PASSED           [  6%]
tests/test_engine.py::test_technique_confirmed_on_server_desync[CL.TE] PASSED [  8%]
tests/test_engine.py::test_technique_confirmed_on_server_desync[TE.CL] PASSED [  9%]
tests/test_engine.py::test_technique_confirmed_on_server_desync[CL.0] PASSED [ 10%]
tests/test_engine.py::test_technique_confirmed_on_server_desync[dup-CL] PASSED [ 11%]
tests/test_engine.py::test_technique_confirmed_on_server_desync[TE.TE] PASSED [ 12%]
tests/test_engine.py::test_technique_pipelining_is_discriminated_not_reported[CL.TE] PASSED [ 13%]
tests/test_engine.py::test_technique_pipelining_is_discriminated_not_reported[TE.CL] PASSED [ 14%]
tests/test_engine.py::test_technique_pipelining_is_discriminated_not_reported[CL.0] PASSED [ 16%]
tests/test_engine.py::test_technique_pipelining_is_discriminated_not_reported[dup-CL] PASSED [ 17%]
tests/test_engine.py::test_technique_pipelining_is_discriminated_not_reported[TE.TE] PASSED [ 18%]
tests/test_engine.py::test_clte_timing_raises_candidate_without_confirmation PASSED [ 19%]
tests/test_engine.py::test_tecl_timing_raises_candidate_without_confirmation PASSED [ 20%]
tests/test_engine.py::test_confirmation_upgrades_candidate_to_confirmed PASSED [ 21%]
tests/test_engine.py::test_reuse_connection_flag_surfaces_pipelining_as_info_only PASSED [ 22%]
tests/test_engine.py::test_safe_mode_confirms_and_forces_isolation PASSED [ 24%]
tests/test_engine.py::test_robust_server_yields_no_desync_findings PASSED [ 25%]
tests/test_engine.py::test_full_run_all_techniques_on_clte_target PASSED [ 26%]
tests/test_engine.py::test_safe_order_puts_clte_before_tecl PASSED       [ 27%]
tests/test_engine.py::test_out_of_scope_target_raises_before_probing PASSED [ 28%]
tests/test_findings.py::test_severities_match_h1_taxonomy PASSED         [ 29%]
tests/test_findings.py::test_confidences_are_lowercase_triple PASSED     [ 31%]
tests/test_findings.py::test_confirmation_states PASSED                  [ 32%]
tests/test_findings.py::test_techniques_are_the_http1_desync_family PASSED [ 33%]
tests/test_findings.py::test_finding_defaults_and_cwe_444 PASSED         [ 34%]
tests/test_findings.py::test_finding_has_exactly_the_pinned_contract_fields PASSED [ 35%]
tests/test_findings.py::test_finding_to_dict_roundtrips PASSED           [ 36%]
tests/test_findings.py::test_vector_carries_the_discrepancy PASSED       [ 37%]
tests/test_findings.py::test_to_sarif_is_a_dict_with_211_envelope PASSED [ 39%]
tests/test_findings.py::test_sarif_result_level_and_rank_mapping PASSED  [ 40%]
tests/test_findings.py::test_sarif_rule_id_and_fingerprint_and_location PASSED [ 41%]
tests/test_findings.py::test_sarif_low_and_medium_levels PASSED          [ 42%]
tests/test_findings.py::test_sarif_one_rule_per_distinct_vector PASSED   [ 43%]
tests/test_findings.py::test_to_h1md_renders_markdown PASSED             [ 44%]
tests/test_findings.py::test_h1md_candidate_gets_unconfirmed_note PASSED [ 45%]
tests/test_findings.py::test_h1md_empty_is_valid PASSED                  [ 47%]
tests/test_h2_integration.py::test_h2_downgrade_against_env_target SKIPPED [ 48%]
tests/test_h2_integration.py::test_engine_runs_against_docker_h2_front SKIPPED [ 49%]
tests/test_h2engine.py::test_h2_technique_confirmed_on_server_desync[H2.CL] PASSED [ 50%]
tests/test_h2engine.py::test_h2_technique_confirmed_on_server_desync[H2.TE] PASSED [ 51%]
tests/test_h2engine.py::test_h2cl_reproduction_carries_the_lying_content_length PASSED [ 52%]
tests/test_h2engine.py::test_h2te_reproduction_carries_the_injected_transfer_encoding PASSED [ 54%]
tests/test_h2engine.py::test_h2_pipelining_is_discriminated_not_reported[H2.CL] PASSED [ 55%]
tests/test_h2engine.py::test_h2_pipelining_is_discriminated_not_reported[H2.TE] PASSED [ 56%]
tests/test_h2engine.py::test_h2cl_timing_raises_candidate_without_confirmation PASSED [ 57%]
tests/test_h2engine.py::test_h2_confirmation_upgrades_candidate_to_confirmed PASSED [ 58%]
tests/test_h2engine.py::test_h2_reuse_connection_flag_surfaces_pipelining_as_info_only PASSED [ 59%]
tests/test_h2engine.py::test_h2_safe_mode_confirms_and_forces_isolation PASSED [ 60%]
tests/test_h2engine.py::test_h2_robust_front_end_yields_no_findings[H2.CL] PASSED [ 62%]
tests/test_h2engine.py::test_h2_robust_front_end_yields_no_findings[H2.TE] PASSED [ 63%]
tests/test_h2engine.py::test_h2_safe_order_puts_h2cl_before_h2te PASSED  [ 64%]
tests/test_h2engine.py::test_h2_out_of_scope_target_raises_before_probing PASSED [ 65%]
tests/test_h2engine.py::test_cli_h2cl_produces_confirmed_finding_json PASSED [ 66%]
tests/test_h2engine.py::test_cli_h2te_is_a_valid_technique_choice PASSED [ 67%]
tests/test_h2send.py::test_encode_integer_fits_in_prefix PASSED          [ 68%]
tests/test_h2send.py::test_encode_integer_multibyte_rfc_example PASSED   [ 70%]
tests/test_h2send.py::test_literal_header_is_exact_non_huffman_bytes PASSED [ 71%]
tests/test_h2send.py::test_header_block_carries_prohibited_headers_verbatim_and_decodes PASSED [ 72%]
tests/test_h2send.py::test_build_frame_header_layout PASSED              [ 73%]
tests/test_h2send.py::test_settings_and_ack_frames PASSED                [ 74%]
tests/test_h2send.py::test_headers_frame_flag_semantics PASSED           [ 75%]
tests/test_h2send.py::test_data_frame_end_stream_flag PASSED             [ 77%]
tests/test_h2send.py::test_serialize_request_with_body_splits_headers_then_data PASSED [ 78%]
tests/test_h2send.py::test_serialize_bodyless_get_sets_end_stream_on_headers PASSED [ 79%]
tests/test_h2send.py::test_h2request_render_is_readable_text PASSED      [ 80%]
tests/test_h2send.py::test_out_of_scope_host_raises_before_any_socket PASSED [ 81%]
tests/test_h2send.py::test_no_scope_is_fail_closed PASSED                [ 82%]
tests/test_h2send.py::test_connect_also_scope_checked PASSED             [ 83%]
tests/test_integration_lab.py::test_engine_detects_desync_against_frozen_pair SKIPPED [ 85%]
tests/test_rawsend.py::test_out_of_scope_host_raises_before_any_socket PASSED [ 86%]
tests/test_rawsend.py::test_no_scope_is_fail_closed PASSED               [ 87%]
tests/test_rawsend.py::test_connect_also_scope_checked PASSED            [ 88%]
tests/test_rawsend.py::test_probe_is_sent_byte_for_byte PASSED           [ 89%]
tests/test_rawsend.py::test_hang_produces_timed_out PASSED               [ 90%]
tests/test_rawsend.py::test_wellformed_request_returns_fast PASSED       [ 91%]
tests/test_rawsend.py::test_connection_reuse_sends_two_on_one_socket PASSED [ 93%]
tests/test_rawsend.py::test_isolated_send_opens_a_fresh_connection_each_time PASSED [ 94%]
tests/test_wheel_ship_gate.py::test_wheel_builds_cleanly PASSED          [ 95%]
tests/test_wheel_ship_gate.py::test_wheel_installs_into_fresh_venv SKIPPED [ 96%]
tests/test_wheel_ship_gate.py::test_wheel_version_importable_in_fresh_venv SKIPPED [ 97%]
tests/test_wheel_ship_gate.py::test_installed_wheel_public_api SKIPPED   [ 98%]
tests/test_wheel_ship_gate.py::test_installed_wheel_produces_finding_against_mock_pair SKIPPED [100%]

================== 80 passed, 7 skipped in 189.67s (0:03:09) ===================
